// Jest Snapshot v1, https://goo.gl/fbAQLP

exports[`<Main /> should render main component 1`] = `
.c0 {
  display: -webkit-box;
  display: -webkit-flex;
  display: -ms-flexbox;
  display: flex;
  -webkit-box-pack: center;
  -webkit-justify-content: center;
  -ms-flex-pack: center;
  justify-content: center;
  -webkit-align-items: center;
  -webkit-box-align: center;
  -ms-flex-align: center;
  align-items: center;
  min-height: 100vh;
  padding: 1.6rem;
}

<main
  class="c0"
>
  Main
</main>
`;
